Mermaid                                                                         
The following mermaid diagram renders as box-drawing art:                       
                                                                                
[38;5;244m                                  ┌──────────┐[m                                  
[38;5;244m                                  │          │[m                                  
[38;5;244m┌───────┐     ┌─────────────┐  ┌─▶┤ Fix bugs ├──┐  ┌─────────┐[m                  
[38;5;244m│       │     │             │  no │          │  │  │         │[m                  
[38;5;244m│ Build ├────▶┤ Tests pass? ├──┤  └──────────┘  ├─▶┤ Release │[m                  
[38;5;244m│       │     │             │  │                │  │         │[m                  
[38;5;244m└───────┘     └─────────────┘  yes              │  └─────────┘[m                  
[38;5;244m                               │                │[m                               
[38;5;244m                               └────────────────┘[m                               
