                                                                                
 Word                                  │ Link                                   
───────────────────────────────────────┼──────────────────────────────────────  
 foo                                   │ [38;5;35;1mfoo[1][0m                                 
 bar                                   │ [38;5;35;1mbar[2][0m                                 
 baz                                   │ [38;5;35;1mbaz[3][0m                                 
                                                                                
[38;5;35;1m[0m[38;5;35;1m[1]: foo[0m [38;5;30;4mhttps://www.pudim.com.br/huge-0/huge-1/huge-2/huge-3/huge-4/huge-5/hug…[0m
[38;5;35;1m[0m[38;5;35;1m[2]: bar[0m [38;5;30;4mhttps://www.pudim.com.br/huge-0/huge-1/huge-2/huge-3/huge-4/huge-5/hug…[0m
[38;5;35;1m[0m[38;5;35;1m[3]: baz[0m [38;5;30;4mhttps://www.pudim.com.br/huge-0/huge-1/huge-2/huge-3/huge-4/huge-5/hug…[0m
