                                                                                
 Name           │ Role           │ Handle           │ Image                     
────────────────┼────────────────┼──────────────────┼─────────────────────────  
 Andrey         │ Engineering    │ ]8;id=3120761547;https://github.com/andreynering[38;5;35;1m@andreynering[1][m]8;; │ [38;5;243mImage: ]8;id=774201770;https://github.com/andreynering.pngGitHub avatar[1]]8;;[m   
 Ayman          │ Engineering    │ ]8;id=1442538212;https://github.com/aymanbagabas[38;5;35;1m@aymanbagabas[2][m]8;; │ [38;5;243mImage: ]8;id=615072977;https://github.com/aymanbagabas.pngGitHub avatar[2]]8;;[m   
 Bash           │ Engineering    │ ]8;id=3816660571;https://github.com/bashbunni[38;5;35;1m@bashbunni[3][m]8;;    │ [38;5;243mImage: ]8;id=1183376282;https://github.com/bashbunni.pngGitHub avatar[3]]8;;[m   
 Carlos         │ Engineering    │ ]8;id=524628778;https://github.com/caarlos0[38;5;35;1m@caarlos0[4][m]8;;     │ [38;5;243mImage: ]8;id=1871413931;https://github.com/caarlos0.pngGitHub avatar[4]]8;;[m   
 Christian      │ Product        │ ]8;id=2254910767;https://github.com/meowgorithm[38;5;35;1m@meowgorithm[5][m]8;;  │ [38;5;243mImage: ]8;id=3084262390;https://github.com/meowgorithm.pngGitHub avatar[5]]8;;[m   
 Rapha          │ Intern         │ ]8;id=3798566599;https://github.com/raphamorim[38;5;35;1m@raphamorim[6][m]8;;   │ [38;5;243mImage: ]8;id=1124824206;https://github.com/raphamorim.pngGitHub avatar[6]]8;;[m   
                                                                                
[38;5;35;1m[1]: @andreynering[m [38;5;30;4m]8;id=3120761547;https://github.com/andreyneringhttps://github.com/andreynering]8;;[m                              
[38;5;35;1m[2]: @aymanbagabas[m [38;5;30;4m]8;id=1442538212;https://github.com/aymanbagabashttps://github.com/aymanbagabas]8;;[m                              
[38;5;35;1m[3]: @bashbunni[m [38;5;30;4m]8;id=3816660571;https://github.com/bashbunnihttps://github.com/bashbunni]8;;[m                                    
[38;5;35;1m[4]: @caarlos0[m [38;5;30;4m]8;id=524628778;https://github.com/caarlos0https://github.com/caarlos0]8;;[m                                      
[38;5;35;1m[5]: @meowgorithm[m [38;5;30;4m]8;id=2254910767;https://github.com/meowgorithmhttps://github.com/meowgorithm]8;;[m                                
[38;5;35;1m[6]: @raphamorim[m [38;5;30;4m]8;id=3798566599;https://github.com/raphamorimhttps://github.com/raphamorim]8;;[m                                  
                                                                                
[38;5;243m[1]: [m[38;5;243mImage: GitHub avatar →[m [38;5;212;4m]8;id=774201770;https://github.com/andreynering.pnghttps://github.com/andreynering.png]8;;[m                 
[38;5;243m[2]: [m[38;5;243mImage: GitHub avatar →[m [38;5;212;4m]8;id=615072977;https://github.com/aymanbagabas.pnghttps://github.com/aymanbagabas.png]8;;[m                 
[38;5;243m[3]: [m[38;5;243mImage: GitHub avatar →[m [38;5;212;4m]8;id=1183376282;https://github.com/bashbunni.pnghttps://github.com/bashbunni.png]8;;[m                    
[38;5;243m[4]: [m[38;5;243mImage: GitHub avatar →[m [38;5;212;4m]8;id=1871413931;https://github.com/caarlos0.pnghttps://github.com/caarlos0.png]8;;[m                     
[38;5;243m[5]: [m[38;5;243mImage: GitHub avatar →[m [38;5;212;4m]8;id=3084262390;https://github.com/meowgorithm.pnghttps://github.com/meowgorithm.png]8;;[m                  
[38;5;243m[6]: [m[38;5;243mImage: GitHub avatar →[m [38;5;212;4m]8;id=1124824206;https://github.com/raphamorim.pnghttps://github.com/raphamorim.png]8;;[m                   
