                                                                                
     Label                │          Value          │                 URL       
──────────────────────────┼─────────────────────────┼─────────────────────────  
     First                │           foo           │            charm.sh       
     Second               │           bar           │            charm.sh       
                                                                                
charm.sh https://charm.sh                                                       
