                                                                                
 Word                                  │ Link                                   
───────────────────────────────────────┼──────────────────────────────────────  
 foo                                   │ ]8;id=3294801119;https://www.pudim.com.br[38;5;35;1mlink[1][m]8;;                                
 bar                                   │ ]8;id=3294801119;https://www.pudim.com.br[38;5;35;1mlink[1][m]8;;                                
 baz                                   │ ]8;id=3294801119;https://www.pudim.com.br[38;5;35;1mlink[1][m]8;;                                
                                                                                
[38;5;35;1m[1]: link[m [38;5;30;4m]8;id=3294801119;https://www.pudim.com.brhttps://www.pudim.com.br]8;;[m                                              
