                                                                                
 Name                     │ Role                    │ Handle                    
──────────────────────────┼─────────────────────────┼─────────────────────────  
 Andrey                   │ Engineering             │ @andreynering             
 Ayman                    │ Engineering             │ @aymanbagabas             
 Bash                     │ Engineering             │ @bashbunni                
 Carlos                   │ Engineering             │ @caarlos0                 
 Christian                │ Product                 │ @meowgorithm              
 Rapha                    │ Intern                  │ @raphamorim               
                                                                                
@andreynering https://github.com/andreynering                                   
@aymanbagabas https://github.com/aymanbagabas                                   
@bashbunni https://github.com/bashbunni                                         
@caarlos0 https://github.com/caarlos0                                           
@meowgorithm https://github.com/meowgorithm                                     
@raphamorim https://github.com/raphamorim                                       
