                                                                                
 Name      │ Role        │ Handle           │ Image                             
───────────┼─────────────┼──────────────────┼────────────────────────────────── 
 Andrey    │ Engineering │ [38;5;35;1m@andreynering[1][0m │ [38;5;243mImage: @andreynering's avatar[1][0m  
 Ayman     │ Engineering │ [38;5;35;1m@aymanbagabas[2][0m │ [38;5;243mImage: @aymanbagabas's avatar[2][0m  
 Bash      │ Engineering │ [38;5;35;1m@bashbunni[3][0m    │ [38;5;243mImage: @bashbunni's avatar[3][0m     
 Carlos    │ Engineering │ [38;5;35;1m@caarlos0[4][0m     │ [38;5;243mImage: @caarlos0's avatar[4][0m      
 Christian │ Product     │ [38;5;35;1m@meowgorithm[5][0m  │ [38;5;243mImage: @meowgorithm's avatar[5][0m   
 Rapha     │ Intern      │ [38;5;35;1m@raphamorim[6][0m   │ [38;5;243mImage: @raphamorim's avatar[6][0m    
                                                                                
[38;5;35;1m[0m[38;5;35;1m[1]: @andreynering[0m [38;5;30;4mhttps://github.com/andreynering[0m                              
[38;5;35;1m[0m[38;5;35;1m[2]: @aymanbagabas[0m [38;5;30;4mhttps://github.com/aymanbagabas[0m                              
[38;5;35;1m[0m[38;5;35;1m[3]: @bashbunni[0m [38;5;30;4mhttps://github.com/bashbunni[0m                                    
[38;5;35;1m[0m[38;5;35;1m[4]: @caarlos0[0m [38;5;30;4mhttps://github.com/caarlos0[0m                                      
[38;5;35;1m[0m[38;5;35;1m[5]: @meowgorithm[0m [38;5;30;4mhttps://github.com/meowgorithm[0m                                
[38;5;35;1m[0m[38;5;35;1m[6]: @raphamorim[0m [38;5;30;4mhttps://github.com/raphamorim[0m                                  
                                                                                
[38;5;243m[0m[38;5;243m[1]: [0m[38;5;243mImage: @andreynering's avatar →[0m [38;5;212;4mhttps://github.com/andreynering.png[0m        
[38;5;243m[0m[38;5;243m[2]: [0m[38;5;243mImage: @aymanbagabas's avatar →[0m [38;5;212;4mhttps://github.com/aymanbagabas.png[0m        
[38;5;243m[0m[38;5;243m[3]: [0m[38;5;243mImage: @bashbunni's avatar →[0m [38;5;212;4mhttps://github.com/bashbunni.png[0m              
[38;5;243m[0m[38;5;243m[4]: [0m[38;5;243mImage: @caarlos0's avatar →[0m [38;5;212;4mhttps://github.com/caarlos0.png[0m                
[38;5;243m[0m[38;5;243m[5]: [0m[38;5;243mImage: @meowgorithm's avatar →[0m [38;5;212;4mhttps://github.com/meowgorithm.png[0m          
[38;5;243m[0m[38;5;243m[6]: [0m[38;5;243mImage: @raphamorim's avatar →[0m [38;5;212;4mhttps://github.com/raphamorim.png[0m            
