                                                                                
 Handle           │ Description                          │ Image                
──────────────────┼──────────────────────────────────────┼──────────────────────
 ]8;id=1;https://github.com/andreynering[38;5;35;1m@andreynering[1][m]8;; │ Passionate engineer pushing the      │ [38;5;243mImage: ]8;id=5;https://github.com/andreynering.pnggithub.com[1]]8;;[m 
                  │ boundaries of technology. Check out  │                      
                  │ Andrey's ]8;id=2;https://github.com/andreynering[38;5;35;1mGitHub projects[2][m]8;; and      │                      
                  │ ]8;id=3;https://andreynering.dev[38;5;35;1mpersonal blog[3][m]8;;. Connect on         │                      
                  │ ]8;id=4;https://twitter.com/andreynering[38;5;35;1mTwitter[4][m]8;; for tech insights.        │                      
 ]8;id=6;https://github.com/aymanbagabas[38;5;35;1m@aymanbagabas[5][m]8;; │ Open-source enthusiast and           │ [38;5;243mImage: ]8;id=10;https://github.com/aymanbagabas.pnggithub.com[2]]8;;[m 
                  │ innovative software engineer.        │                      
                  │ Explore Ayman's ]8;id=7;https://github.com/aymanbagabas[38;5;35;1mGitHub[m]8;;               │                      
                  │ ]8;id=7;https://github.com/aymanbagabas[1;38;5;35mcontributions[6][m]8;; and ]8;id=8;https://aymanbagabas.medium.com[38;5;35;1mtechnical[m]8;;       │                      
                  │ ]8;id=8;https://aymanbagabas.medium.com[1;38;5;35mwritings[7][m]8;;. Follow on ]8;id=9;https://www.linkedin.com/in/aymanbagabas[38;5;35;1mLinkedIn[8][m]8;;   │                      
                  │ for professional updates.            │                      
 ]8;id=11;https://github.com/bashbunni[38;5;35;1m@bashbunni[9][m]8;;    │ Creative developer with a passion    │ [38;5;243mImage: ]8;id=15;https://github.com/bashbunni.pnggithub.com[3]]8;;[m 
                  │ for cutting-edge technologies. Dive  │                      
                  │ into Bash's ]8;id=12;https://github.com/bashbunni[38;5;35;1mGitHub repositories[10][m]8;;  │                      
                  │ and ]8;id=13;https://bashbunni.dev[38;5;35;1mdev portfolio[11][m]8;;. Engage on     │                      
                  │ ]8;id=14;https://twitter.com/bashbunni[38;5;35;1mTwitter[12][m]8;; for tech discussions.    │                      
 ]8;id=16;https://github.com/caarlos0[38;5;35;1m@caarlos0[13][m]8;;    │ Innovative engineering leader and    │ [38;5;243mImage: ]8;id=20;https://github.com/caarlos0.pnggithub.com[4]]8;;[m 
                  │ open-source contributor. Discover    │                      
                  │ Carlos's ]8;id=17;https://github.com/caarlos0[38;5;35;1mGitHub projects[14][m]8;; and     │                      
                  │ ]8;id=18;https://caarlos0.dev[38;5;35;1mtechnical blog[15][m]8;;. Connect on       │                      
                  │ ]8;id=19;https://www.linkedin.com/in/caarlos0[38;5;35;1mLinkedIn[16][m]8;; for professional        │                      
                  │ networking.                          │                      
 ]8;id=21;https://github.com/meowgorithm[38;5;35;1m@meowgorithm[17][m]8;; │ Product visionary bridging           │ [38;5;243mImage: ]8;id=25;https://github.com/meowgorithm.pnggithub.com[5]]8;;[m 
                  │ technology and user experience.      │                      
                  │ Explore Christian's ]8;id=22;https://github.com/meowgorithm[38;5;35;1mGitHub[m]8;;           │                      
                  │ ]8;id=22;https://github.com/meowgorithm[1;38;5;35mprofile[18][m]8;; and ]8;id=23;https://meowgorithm.com[38;5;35;1mpersonal[m]8;;             │                      
                  │ ]8;id=23;https://meowgorithm.com[1;38;5;35mwebsite[19][m]8;;. Follow on ]8;id=24;https://twitter.com/meowgorithm[38;5;35;1mTwitter[20][m]8;;   │                      
                  │ for product insights.                │                      
 ]8;id=26;https://github.com/raphamorim[38;5;35;1m@raphamorim[21][m]8;;  │ Ambitious intern making waves in the │ [38;5;243mImage: ]8;id=30;https://github.com/raphamorim.pnggithub.com[6]]8;;[m 
                  │ tech world. Check out Rapha's ]8;id=27;https://github.com/raphamorim[38;5;35;1mGitHub[m]8;; │                      
                  │ ]8;id=27;https://github.com/raphamorim[1;38;5;35mrepositories[22][m]8;; and ]8;id=28;https://raphamorim.dev[38;5;35;1mgrowing[m]8;;         │                      
                  │ ]8;id=28;https://raphamorim.dev[1;38;5;35mportfolio[23][m]8;;. Connect on            │                      
                  │ ]8;id=29;https://www.linkedin.com/in/raphamorim[38;5;35;1mLinkedIn[24][m]8;; for emerging talent.    │                      
                                                                                
[38;5;35;1m [1]: @andreynering[m [38;5;30;4m]8;id=31;https://github.com/andreyneringhttps://github.com/andreynering]8;;[m                             
[38;5;35;1m [2]: GitHub projects[m [38;5;30;4m]8;id=32;https://github.com/andreyneringhttps://github.com/andreynering]8;;[m                           
[38;5;35;1m [3]: personal blog[m [38;5;30;4m]8;id=33;https://andreynering.devhttps://andreynering.dev]8;;[m                                    
[38;5;35;1m [4]: Twitter[m [38;5;30;4m]8;id=34;https://twitter.com/andreyneringhttps://twitter.com/andreynering]8;;[m                                  
[38;5;35;1m [5]: @aymanbagabas[m [38;5;30;4m]8;id=35;https://github.com/aymanbagabashttps://github.com/aymanbagabas]8;;[m                             
[38;5;35;1m [6]: GitHub contributions[m [38;5;30;4m]8;id=36;https://github.com/aymanbagabashttps://github.com/aymanbagabas]8;;[m                      
[38;5;35;1m [7]: technical writings[m [38;5;30;4m]8;id=37;https://aymanbagabas.medium.comhttps://aymanbagabas.medium.com]8;;[m                        
[38;5;35;1m [8]: LinkedIn[m [38;5;30;4m]8;id=38;https://www.linkedin.com/in/aymanbagabashttps://www.linkedin.com/in/aymanbagabas]8;;[m                         
[38;5;35;1m [9]: @bashbunni[m [38;5;30;4m]8;id=39;https://github.com/bashbunnihttps://github.com/bashbunni]8;;[m                                   
[38;5;35;1m[10]: GitHub repositories[m [38;5;30;4m]8;id=40;https://github.com/bashbunnihttps://github.com/bashbunni]8;;[m                          
[38;5;35;1m[11]: dev portfolio[m [38;5;30;4m]8;id=41;https://bashbunni.devhttps://bashbunni.dev]8;;[m                                       
[38;5;35;1m[12]: Twitter[m [38;5;30;4m]8;id=42;https://twitter.com/bashbunnihttps://twitter.com/bashbunni]8;;[m                                     
[38;5;35;1m[13]: @caarlos0[m [38;5;30;4m]8;id=43;https://github.com/caarlos0https://github.com/caarlos0]8;;[m                                     
[38;5;35;1m[14]: GitHub projects[m [38;5;30;4m]8;id=44;https://github.com/caarlos0https://github.com/caarlos0]8;;[m                               
[38;5;35;1m[15]: technical blog[m [38;5;30;4m]8;id=45;https://caarlos0.devhttps://caarlos0.dev]8;;[m                                       
[38;5;35;1m[16]: LinkedIn[m [38;5;30;4m]8;id=46;https://www.linkedin.com/in/caarlos0https://www.linkedin.com/in/caarlos0]8;;[m                             
[38;5;35;1m[17]: @meowgorithm[m [38;5;30;4m]8;id=47;https://github.com/meowgorithmhttps://github.com/meowgorithm]8;;[m                               
[38;5;35;1m[18]: GitHub profile[m [38;5;30;4m]8;id=48;https://github.com/meowgorithmhttps://github.com/meowgorithm]8;;[m                             
[38;5;35;1m[19]: personal website[m [38;5;30;4m]8;id=49;https://meowgorithm.comhttps://meowgorithm.com]8;;[m                                  
[38;5;35;1m[20]: Twitter[m [38;5;30;4m]8;id=50;https://twitter.com/meowgorithmhttps://twitter.com/meowgorithm]8;;[m                                   
[38;5;35;1m[21]: @raphamorim[m [38;5;30;4m]8;id=51;https://github.com/raphamorimhttps://github.com/raphamorim]8;;[m                                 
[38;5;35;1m[22]: GitHub repositories[m [38;5;30;4m]8;id=52;https://github.com/raphamorimhttps://github.com/raphamorim]8;;[m                         
[38;5;35;1m[23]: growing portfolio[m [38;5;30;4m]8;id=53;https://raphamorim.devhttps://raphamorim.dev]8;;[m                                  
[38;5;35;1m[24]: LinkedIn[m [38;5;30;4m]8;id=54;https://www.linkedin.com/in/raphamorimhttps://www.linkedin.com/in/raphamorim]8;;[m                           
                                                                                
[38;5;243m[1]: [m[38;5;243mImage: github.com →[m [38;5;212;4m]8;id=55;https://github.com/andreynering.pnghttps://github.com/andreynering.png]8;;[m                    
[38;5;243m[2]: [m[38;5;243mImage: github.com →[m [38;5;212;4m]8;id=56;https://github.com/aymanbagabas.pnghttps://github.com/aymanbagabas.png]8;;[m                    
[38;5;243m[3]: [m[38;5;243mImage: github.com →[m [38;5;212;4m]8;id=57;https://github.com/bashbunni.pnghttps://github.com/bashbunni.png]8;;[m                       
[38;5;243m[4]: [m[38;5;243mImage: github.com →[m [38;5;212;4m]8;id=58;https://github.com/caarlos0.pnghttps://github.com/caarlos0.png]8;;[m                        
[38;5;243m[5]: [m[38;5;243mImage: github.com →[m [38;5;212;4m]8;id=59;https://github.com/meowgorithm.pnghttps://github.com/meowgorithm.png]8;;[m                     
[38;5;243m[6]: [m[38;5;243mImage: github.com →[m [38;5;212;4m]8;id=60;https://github.com/raphamorim.pnghttps://github.com/raphamorim.png]8;;[m                      
