
  ]8;id=2925307107;http://example.com/with-a-big-path/likely-to-use-more-than-one-line?why-not=after-all-why-not-use-queryparams-too&abc=123[38;5;35;1ma[m]8;;[38;5;252m [m[38;5;30;4m]8;id=2925307107;http://example.com/with-a-big-path/likely-to-use-more-than-one-line?why-not=after-all-why-not-use-queryparams-too&abc=123http://example.com/with-a-big-path/likely-to-use-more-than-one-line?why-[m]8;;[38;5;252m [m[38;5;252m [m
  ]8;id=2925307107;http://example.com/with-a-big-path/likely-to-use-more-than-one-line?why-not=after-all-why-not-use-queryparams-too&abc=123[4;38;5;30mnot=after-all-why-not-use-queryparams-too&abc=123]8;;[m[38;5;252m [m[38;5;252m [m[38;5;252m [m[38;5;252m [m[38;5;252m [m[38;5;252m [m[38;5;252m [m[38;5;252m [m[38;5;252m [m[38;5;252m [m[38;5;252m [m[38;5;252m [m[38;5;252m [m[38;5;252m [m[38;5;252m [m[38;5;252m [m[38;5;252m [m[38;5;252m [m[38;5;252m [m[38;5;252m [m[38;5;252m [m[38;5;252m [m[38;5;252m [m[38;5;252m [m[38;5;252m [m[38;5;252m [m[38;5;252m [m

