
  # ملاعلاب ابحرم                                         
                                                          
  رمتسيو ،هفصتنم يف Glow ةملك ىلع يوتحي ليوط يبرع صن اذه  
  .هتياهن ىتح (ساوقأ عم) دحاو رطس نم رثكأ ىلع             
                                                          
  • لوأ رصنع                                              
  • **ضيرع صن** عم نٍاث رصنع                               
      • يعرف رصنع                                         
  [x] ةزجنم ةمهم                                          
                                                          
  | .טוטיצ הז ,םלוע םולש                                  
                                                          
  English stays as it is, even next to يبرع and 2024.     
                                                          
    // code isn't reordered                               
    fmt.Println("مرحبا")                                  

